{"logTime": "0618/192603", "correlationVector":"FI65BjblDAtgfnwG/v24Sh.1","action":"SyncServerConnectionManagerRequest", "result":"SYNC_SERVER_OK", "context":{"environment":"Prod_francecentral_prod-s01-062-eur-francecentral", "migrationStage":"NotStarted", "server":"akswtt115000038"}}
{"logTime": "0618/192603", "correlationVector":"FI65BjblDAtgfnwG/v24Sh.2","action":"ProcessGetUpdates", "result":"Done", "context":{"dataType":"Encryption Keys", "deleted":"0", "process_failed_to_decrypt":"0", "process_pending_decryption":"0", "process_success":"1", "total":"1"}}
{"logTime": "0618/192604", "correlationVector":"0v/ue1o1dHndJB9Xo43Rnv","action":"SyncServerConnectionManagerRequest", "result":"SYNC_SERVER_OK", "context":{"environment":"", "migrationStage":"", "server":""}}
{"logTime": "0618/192604", "correlationVector":"0v/ue1o1dHndJB9Xo43Rnv.0","action":"EncryptionKeysFetcher.DownloadKeys:", "result":"Success", "context":Key count: 3, Last key timestamp: 2026-03-02T18:47:40Z}
{"logTime": "0618/192604", "correlationVector":"0v/ue1o1dHndJB9Xo43Rnv.1","action":"EncryptionKeysManager::SetEncryptionKeys:", "result":"Success", "context":Key names[3]:[RHi2wN8I7ro+4v69lZwPBmf2gGZd7LoDKraYRngN8W57l3KPJHPdow1WzhqNPUhCqOLvGcHC//XlEE6nOPCj5g==][s0ZOhhxq0LJst0+fFGQQH8jt939RlODAhkX6TKqSvORF17RfPrXRHUQWm/tn/5NYE9Oq19Ii16Bnit/PR08oPQ==][tCSkKCWN/CXYj9OMNbkaR+tLizUzBBxptkdxjhfVUxbG1RVdMEohJH5rY+u6B9mvmQhYdyRUSjk6PDIwoeEiaQ==]}
{"logTime": "0618/192604", "correlationVector":"0v/ue1o1dHndJB9Xo43Rnv.2","action":"EncryptionKeysManager::SetEncryptionKeysWithTimestamps:", "result":"Success", "context":Key timestamps[3]:[2025-01-11T12:10:36Z][2025-10-04T10:27:08Z][2026-03-02T18:47:40Z]}
{"logTime": "0618/192604", "correlationVector":"FI65BjblDAtgfnwG/v24Sh","action":"Initial GetUpdates", "result":"", "context":Reason: NEW_CLIENT. cV=FI65BjblDAtgfnwG/v24Sh}
{"logTime": "0618/192604", "correlationVector":"FI65BjblDAtgfnwG/v24Sh.3","action":"GetUpdates Response", "result":"Success", "context":Received 1 update(s). cV=FI65BjblDAtgfnwG/v24Sh.0;server=akswtt115000038;cloudType=Consumer;environment=Prod_francecentral_prod-s01-062-eur-francecentral;migrationStage=NotStarted}
{"logTime": "0618/192604", "correlationVector":"xvdAXtQQx1nE57JqqETk9Z","action":"Initial GetUpdates", "result":"", "context":Reason: NEWLY_SUPPORTED_DATATYPE. cV=xvdAXtQQx1nE57JqqETk9Z}
{"logTime": "0618/192604", "correlationVector":"xvdAXtQQx1nE57JqqETk9Z.1","action":"SyncServerConnectionManagerRequest", "result":"SYNC_SERVER_OK", "context":{"environment":"Prod_francecentral_prod-s01-062-eur-francecentral", "migrationStage":"NotStarted", "server":"akswtt11500001y"}}
{"logTime": "0618/192604", "correlationVector":"xvdAXtQQx1nE57JqqETk9Z.2","action":"ProcessGetUpdates", "result":"Done", "context":{"dataType":"Preferences", "deleted":"10", "process_failed_to_decrypt":"0", "process_pending_decryption":"0", "process_success":"53", "total":"53"}}
{"logTime": "0618/192604", "correlationVector":"xvdAXtQQx1nE57JqqETk9Z.3","action":"ProcessGetUpdates", "result":"Done", "context":{"dataType":"Passwords", "deleted":"0", "process_failed_to_decrypt":"0", "process_pending_decryption":"0", "process_success":"9", "total":"9"}}
{"logTime": "0618/192604", "correlationVector":"xvdAXtQQx1nE57JqqETk9Z.4","action":"ProcessGetUpdates", "result":"Done", "context":{"dataType":"Device Info", "deleted":"0", "process_failed_to_decrypt":"0", "process_pending_decryption":"0", "process_success":"188", "total":"188"}}
{"logTime": "0618/192604", "correlationVector":"xvdAXtQQx1nE57JqqETk9Z.5","action":"GetUpdates Response", "result":"Success", "context":Received 250 update(s). cV=xvdAXtQQx1nE57JqqETk9Z.0;server=akswtt11500001y;cloudType=Consumer;environment=Prod_francecentral_prod-s01-062-eur-francecentral;migrationStage=NotStarted Some updates remain.}
{"logTime": "0618/192604", "correlationVector":"eA10Bv7DGaaRgQ/yDBnjBL","action":"Initial GetUpdates", "result":"", "context":Reason: NEWLY_SUPPORTED_DATATYPE. cV=eA10Bv7DGaaRgQ/yDBnjBL}
{"logTime": "0618/192604", "correlationVector":"eA10Bv7DGaaRgQ/yDBnjBL.1","action":"SyncServerConnectionManagerRequest", "result":"SYNC_SERVER_OK", "context":{"environment":"Prod_francecentral_prod-s01-062-eur-francecentral", "migrationStage":"NotStarted", "server":"akswtt11500002i"}}
{"logTime": "0618/192604", "correlationVector":"eA10Bv7DGaaRgQ/yDBnjBL.2","action":"ProcessGetUpdates", "result":"Done", "context":{"dataType":"Preferences", "deleted":"0", "process_failed_to_decrypt":"0", "process_pending_decryption":"0", "process_success":"5", "total":"5"}}
{"logTime": "0618/192604", "correlationVector":"eA10Bv7DGaaRgQ/yDBnjBL.3","action":"ProcessGetUpdates", "result":"Done", "context":{"dataType":"Passwords", "deleted":"0", "process_failed_to_decrypt":"0", "process_pending_decryption":"0", "process_success":"21", "total":"21"}}
{"logTime": "0618/192604", "correlationVector":"eA10Bv7DGaaRgQ/yDBnjBL.4","action":"ProcessGetUpdates", "result":"Done", "context":{"dataType":"Device Info", "deleted":"0", "process_failed_to_decrypt":"0", "process_pending_decryption":"0", "process_success":"183", "total":"183"}}
{"logTime": "0618/192604", "correlationVector":"eA10Bv7DGaaRgQ/yDBnjBL.5","action":"GetUpdates Response", "result":"Success", "context":Received 209 update(s). cV=eA10Bv7DGaaRgQ/yDBnjBL.0;server=akswtt11500002i;cloudType=Consumer;environment=Prod_francecentral_prod-s01-062-eur-francecentral;migrationStage=NotStarted}
{"logTime": "0618/192604", "correlationVector":"fJMt8gUHibryKNKqnhd3nQ","action":"Initial GetUpdates", "result":"", "context":Reason: NEWLY_SUPPORTED_DATATYPE. cV=fJMt8gUHibryKNKqnhd3nQ}
{"logTime": "0618/192604", "correlationVector":"fJMt8gUHibryKNKqnhd3nQ.1","action":"SyncServerConnectionManagerRequest", "result":"SYNC_SERVER_OK", "context":{"environment":"Prod_francecentral_prod-s01-062-eur-francecentral", "migrationStage":"NotStarted", "server":"akswtt11500003d"}}
{"logTime": "0618/192604", "correlationVector":"fJMt8gUHibryKNKqnhd3nQ.2","action":"ProcessGetUpdates", "result":"Done", "context":{"dataType":"Bookmarks", "deleted":"0", "process_failed_to_decrypt":"0", "process_pending_decryption":"0", "process_success":"6", "total":"6"}}
{"logTime": "0618/192604", "correlationVector":"fJMt8gUHibryKNKqnhd3nQ.3","action":"GetUpdates Response", "result":"Success", "context":Received 6 update(s). cV=fJMt8gUHibryKNKqnhd3nQ.0;server=akswtt11500003d;cloudType=Consumer;environment=Prod_francecentral_prod-s01-062-eur-francecentral;migrationStage=NotStarted}
{"logTime": "0618/192604", "correlationVector":"9bT9ojkp1uizqgheFF0p7C","action":"Initial GetUpdates", "result":"", "context":Reason: NEWLY_SUPPORTED_DATATYPE. cV=9bT9ojkp1uizqgheFF0p7C}
{"logTime": "0618/192605", "correlationVector":"9bT9ojkp1uizqgheFF0p7C.1","action":"SyncServerConnectionManagerRequest", "result":"SYNC_SERVER_OK", "context":{"environment":"Prod_francecentral_prod-s01-062-eur-francecentral", "migrationStage":"NotStarted", "server":"akswtt11500001y"}}
{"logTime": "0618/192605", "correlationVector":"9bT9ojkp1uizqgheFF0p7C.2","action":"ProcessGetUpdates", "result":"Done", "context":{"dataType":"Autofill", "deleted":"0", "process_failed_to_decrypt":"0", "process_pending_decryption":"0", "process_success":"23", "total":"23"}}
{"logTime": "0618/192605", "correlationVector":"9bT9ojkp1uizqgheFF0p7C.3","action":"ProcessGetUpdates", "result":"Done", "context":{"dataType":"Sessions", "deleted":"223", "process_failed_to_decrypt":"0", "process_pending_decryption":"0", "process_success":"224", "total":"224"}}
{"logTime": "0618/192605", "correlationVector":"9bT9ojkp1uizqgheFF0p7C.4","action":"ProcessGetUpdates", "result":"Done", "context":{"dataType":"Edge Hub App Usage", "deleted":"0", "process_failed_to_decrypt":"0", "process_pending_decryption":"0", "process_success":"3", "total":"3"}}
{"logTime": "0618/192605", "correlationVector":"9bT9ojkp1uizqgheFF0p7C.5","action":"GetUpdates Response", "result":"Success", "context":Received 250 update(s). cV=9bT9ojkp1uizqgheFF0p7C.0;server=akswtt11500001y;cloudType=Consumer;environment=Prod_francecentral_prod-s01-062-eur-francecentral;migrationStage=NotStarted Some updates remain.}
{"logTime": "0618/192605", "correlationVector":"LFvsNVewMF8mPLkhh73lIr","action":"Initial GetUpdates", "result":"", "context":Reason: NEWLY_SUPPORTED_DATATYPE. cV=LFvsNVewMF8mPLkhh73lIr}
{"logTime": "0618/192605", "correlationVector":"LFvsNVewMF8mPLkhh73lIr.1","action":"SyncServerConnectionManagerRequest", "result":"SYNC_SERVER_OK", "context":{"environment":"Prod_francecentral_prod-s01-062-eur-francecentral", "migrationStage":"NotStarted", "server":"akswtt11500002g"}}
{"logTime": "0618/192605", "correlationVector":"LFvsNVewMF8mPLkhh73lIr.2","action":"ProcessGetUpdates", "result":"Done", "context":{"dataType":"Autofill", "deleted":"0", "process_failed_to_decrypt":"0", "process_pending_decryption":"0", "process_success":"4", "total":"4"}}
{"logTime": "0618/192605", "correlationVector":"LFvsNVewMF8mPLkhh73lIr.3","action":"ProcessGetUpdates", "result":"Done", "context":{"dataType":"Sessions", "deleted":"70", "process_failed_to_decrypt":"0", "process_pending_decryption":"0", "process_success":"190", "total":"190"}}
{"logTime": "0618/192605", "correlationVector":"LFvsNVewMF8mPLkhh73lIr.4","action":"ProcessGetUpdates", "result":"Done", "context":{"dataType":"Edge Hub App Usage", "deleted":"0", "process_failed_to_decrypt":"0", "process_pending_decryption":"0", "process_success":"56", "total":"56"}}
{"logTime": "0618/192605", "correlationVector":"LFvsNVewMF8mPLkhh73lIr.5","action":"GetUpdates Response", "result":"Success", "context":Received 250 update(s). cV=LFvsNVewMF8mPLkhh73lIr.0;server=akswtt11500002g;cloudType=Consumer;environment=Prod_francecentral_prod-s01-062-eur-francecentral;migrationStage=NotStarted Some updates remain.}
{"logTime": "0618/192605", "correlationVector":"F/wNHy8ZWcjmj+dob9LzXs","action":"Initial GetUpdates", "result":"", "context":Reason: NEWLY_SUPPORTED_DATATYPE. cV=F/wNHy8ZWcjmj+dob9LzXs}
{"logTime": "0618/192605", "correlationVector":"F/wNHy8ZWcjmj+dob9LzXs.1","action":"SyncServerConnectionManagerRequest", "result":"SYNC_SERVER_OK", "context":{"environment":"Prod_francecentral_prod-s01-062-eur-francecentral", "migrationStage":"NotStarted", "server":"akswtt11500002e"}}
{"logTime": "0618/192605", "correlationVector":"F/wNHy8ZWcjmj+dob9LzXs.2","action":"ProcessGetUpdates", "result":"Done", "context":{"dataType":"Autofill", "deleted":"0", "process_failed_to_decrypt":"0", "process_pending_decryption":"0", "process_success":"5", "total":"5"}}
{"logTime": "0618/192605", "correlationVector":"F/wNHy8ZWcjmj+dob9LzXs.3","action":"ProcessGetUpdates", "result":"Done", "context":{"dataType":"Sessions", "deleted":"7", "process_failed_to_decrypt":"0", "process_pending_decryption":"0", "process_success":"205", "total":"205"}}
{"logTime": "0618/192605", "correlationVector":"F/wNHy8ZWcjmj+dob9LzXs.4","action":"ProcessGetUpdates", "result":"Done", "context":{"dataType":"WebAuthn Credentials", "deleted":"0", "process_failed_to_decrypt":"0", "process_pending_decryption":"0", "process_success":"1", "total":"1"}}
{"logTime": "0618/192605", "correlationVector":"F/wNHy8ZWcjmj+dob9LzXs.5","action":"ProcessGetUpdates", "result":"Done", "context":{"dataType":"Edge Hub App Usage", "deleted":"0", "process_failed_to_decrypt":"0", "process_pending_decryption":"0", "process_success":"39", "total":"39"}}
{"logTime": "0618/192605", "correlationVector":"F/wNHy8ZWcjmj+dob9LzXs.6","action":"GetUpdates Response", "result":"Success", "context":Received 250 update(s). cV=F/wNHy8ZWcjmj+dob9LzXs.0;server=akswtt11500002e;cloudType=Consumer;environment=Prod_francecentral_prod-s01-062-eur-francecentral;migrationStage=NotStarted Some updates remain.}
{"logTime": "0618/192605", "correlationVector":"OvfzRn5P2lMHN8H7MPRuOY","action":"Initial GetUpdates", "result":"", "context":Reason: NEWLY_SUPPORTED_DATATYPE. cV=OvfzRn5P2lMHN8H7MPRuOY}
{"logTime": "0618/192605", "correlationVector":"OvfzRn5P2lMHN8H7MPRuOY.1","action":"SyncServerConnectionManagerRequest", "result":"SYNC_SERVER_OK", "context":{"environment":"Prod_francecentral_prod-s01-062-eur-francecentral", "migrationStage":"NotStarted", "server":"akswtt115000037"}}
{"logTime": "0618/192605", "correlationVector":"OvfzRn5P2lMHN8H7MPRuOY.2","action":"ProcessGetUpdates", "result":"Done", "context":{"dataType":"Autofill", "deleted":"0", "process_failed_to_decrypt":"0", "process_pending_decryption":"0", "process_success":"4", "total":"4"}}
{"logTime": "0618/192605", "correlationVector":"OvfzRn5P2lMHN8H7MPRuOY.3","action":"ProcessGetUpdates", "result":"Done", "context":{"dataType":"Sessions", "deleted":"7", "process_failed_to_decrypt":"0", "process_pending_decryption":"0", "process_success":"86", "total":"86"}}
{"logTime": "0618/192605", "correlationVector":"OvfzRn5P2lMHN8H7MPRuOY.4","action":"ProcessGetUpdates", "result":"Done", "context":{"dataType":"Edge Hub App Usage", "deleted":"0", "process_failed_to_decrypt":"0", "process_pending_decryption":"0", "process_success":"2", "total":"2"}}
{"logTime": "0618/192605", "correlationVector":"OvfzRn5P2lMHN8H7MPRuOY.5","action":"GetUpdates Response", "result":"Success", "context":Received 92 update(s). cV=OvfzRn5P2lMHN8H7MPRuOY.0;server=akswtt115000037;cloudType=Consumer;environment=Prod_francecentral_prod-s01-062-eur-francecentral;migrationStage=NotStarted}
{"logTime": "0618/192605", "correlationVector":"Roq0vfg9oRtc9QM8riGd6B","action":"Initial GetUpdates", "result":"", "context":Reason: NEWLY_SUPPORTED_DATATYPE. cV=Roq0vfg9oRtc9QM8riGd6B}
{"logTime": "0618/192606", "correlationVector":"Roq0vfg9oRtc9QM8riGd6B.1","action":"SyncServerConnectionManagerRequest", "result":"SYNC_SERVER_OK", "context":{"environment":"Prod_francecentral_prod-s01-062-eur-francecentral", "migrationStage":"NotStarted", "server":"akswtt11500002e"}}
{"logTime": "0618/192606", "correlationVector":"Roq0vfg9oRtc9QM8riGd6B.2","action":"ProcessGetUpdates", "result":"Done", "context":{"dataType":"History", "deleted":"0", "process_failed_to_decrypt":"0", "process_pending_decryption":"0", "process_success":"250", "total":"250"}}
{"logTime": "0618/192606", "correlationVector":"Roq0vfg9oRtc9QM8riGd6B.3","action":"GetUpdates Response", "result":"Success", "context":Received 250 update(s). cV=Roq0vfg9oRtc9QM8riGd6B.0;server=akswtt11500002e;cloudType=Consumer;environment=Prod_francecentral_prod-s01-062-eur-francecentral;migrationStage=NotStarted Some updates remain.}
{"logTime": "0618/192606", "correlationVector":"U9JCNaC//mOluHt0UhlP0U","action":"Initial GetUpdates", "result":"", "context":Reason: NEWLY_SUPPORTED_DATATYPE. cV=U9JCNaC//mOluHt0UhlP0U}
{"logTime": "0618/192606", "correlationVector":"U9JCNaC//mOluHt0UhlP0U.1","action":"SyncServerConnectionManagerRequest", "result":"SYNC_SERVER_OK", "context":{"environment":"Prod_francecentral_prod-s01-062-eur-francecentral", "migrationStage":"NotStarted", "server":"akswtt11500002l"}}
{"logTime": "0618/192606", "correlationVector":"U9JCNaC//mOluHt0UhlP0U.2","action":"ProcessGetUpdates", "result":"Done", "context":{"dataType":"History", "deleted":"0", "process_failed_to_decrypt":"0", "process_pending_decryption":"0", "process_success":"250", "total":"250"}}
{"logTime": "0618/192606", "correlationVector":"U9JCNaC//mOluHt0UhlP0U.3","action":"GetUpdates Response", "result":"Success", "context":Received 250 update(s). cV=U9JCNaC//mOluHt0UhlP0U.0;server=akswtt11500002l;cloudType=Consumer;environment=Prod_francecentral_prod-s01-062-eur-francecentral;migrationStage=NotStarted Some updates remain.}
{"logTime": "0618/192606", "correlationVector":"9f+NzW0mYV8Xo8dZroUsjJ","action":"Initial GetUpdates", "result":"", "context":Reason: NEWLY_SUPPORTED_DATATYPE. cV=9f+NzW0mYV8Xo8dZroUsjJ}
{"logTime": "0618/192606", "correlationVector":"9f+NzW0mYV8Xo8dZroUsjJ.1","action":"SyncServerConnectionManagerRequest", "result":"SYNC_SERVER_OK", "context":{"environment":"Prod_francecentral_prod-s01-062-eur-francecentral", "migrationStage":"NotStarted", "server":"akswtt11500001m"}}
{"logTime": "0618/192606", "correlationVector":"9f+NzW0mYV8Xo8dZroUsjJ.2","action":"ProcessGetUpdates", "result":"Done", "context":{"dataType":"History", "deleted":"0", "process_failed_to_decrypt":"0", "process_pending_decryption":"0", "process_success":"250", "total":"250"}}
{"logTime": "0618/192606", "correlationVector":"9f+NzW0mYV8Xo8dZroUsjJ.3","action":"GetUpdates Response", "result":"Success", "context":Received 250 update(s). cV=9f+NzW0mYV8Xo8dZroUsjJ.0;server=akswtt11500001m;cloudType=Consumer;environment=Prod_francecentral_prod-s01-062-eur-francecentral;migrationStage=NotStarted Some updates remain.}
{"logTime": "0618/192606", "correlationVector":"7ke8lls6nM34e+kCRKc5BZ","action":"Initial GetUpdates", "result":"", "context":Reason: NEWLY_SUPPORTED_DATATYPE. cV=7ke8lls6nM34e+kCRKc5BZ}
{"logTime": "0618/192607", "correlationVector":"7ke8lls6nM34e+kCRKc5BZ.1","action":"SyncServerConnectionManagerRequest", "result":"SYNC_SERVER_OK", "context":{"environment":"Prod_francecentral_prod-s01-062-eur-francecentral", "migrationStage":"NotStarted", "server":"akswtt11500002k"}}
{"logTime": "0618/192607", "correlationVector":"7ke8lls6nM34e+kCRKc5BZ.2","action":"ProcessGetUpdates", "result":"Done", "context":{"dataType":"History", "deleted":"0", "process_failed_to_decrypt":"0", "process_pending_decryption":"0", "process_success":"250", "total":"250"}}
{"logTime": "0618/192607", "correlationVector":"7ke8lls6nM34e+kCRKc5BZ.3","action":"GetUpdates Response", "result":"Success", "context":Received 250 update(s). cV=7ke8lls6nM34e+kCRKc5BZ.0;server=akswtt11500002k;cloudType=Consumer;environment=Prod_francecentral_prod-s01-062-eur-francecentral;migrationStage=NotStarted Some updates remain.}
{"logTime": "0618/192607", "correlationVector":"x9/uJdsWzmwmFpFUWbd9EX","action":"Initial GetUpdates", "result":"", "context":Reason: NEWLY_SUPPORTED_DATATYPE. cV=x9/uJdsWzmwmFpFUWbd9EX}
{"logTime": "0618/192607", "correlationVector":"x9/uJdsWzmwmFpFUWbd9EX.1","action":"SyncServerConnectionManagerRequest", "result":"SYNC_SERVER_OK", "context":{"environment":"Prod_francecentral_prod-s01-062-eur-francecentral", "migrationStage":"NotStarted", "server":"akswtt11500002r"}}
{"logTime": "0618/192607", "correlationVector":"x9/uJdsWzmwmFpFUWbd9EX.2","action":"ProcessGetUpdates", "result":"Done", "context":{"dataType":"History", "deleted":"0", "process_failed_to_decrypt":"0", "process_pending_decryption":"0", "process_success":"250", "total":"250"}}
{"logTime": "0618/192607", "correlationVector":"x9/uJdsWzmwmFpFUWbd9EX.3","action":"GetUpdates Response", "result":"Success", "context":Received 250 update(s). cV=x9/uJdsWzmwmFpFUWbd9EX.0;server=akswtt11500002r;cloudType=Consumer;environment=Prod_francecentral_prod-s01-062-eur-francecentral;migrationStage=NotStarted Some updates remain.}
{"logTime": "0618/192607", "correlationVector":"SyBDIvkkMLjo55RHLft76F","action":"Initial GetUpdates", "result":"", "context":Reason: NEWLY_SUPPORTED_DATATYPE. cV=SyBDIvkkMLjo55RHLft76F}
{"logTime": "0618/192607", "correlationVector":"SyBDIvkkMLjo55RHLft76F.1","action":"SyncServerConnectionManagerRequest", "result":"SYNC_SERVER_OK", "context":{"environment":"Prod_francecentral_prod-s01-062-eur-francecentral", "migrationStage":"NotStarted", "server":"akswtt11500002k"}}
{"logTime": "0618/192607", "correlationVector":"SyBDIvkkMLjo55RHLft76F.2","action":"ProcessGetUpdates", "result":"Done", "context":{"dataType":"History", "deleted":"0", "process_failed_to_decrypt":"0", "process_pending_decryption":"0", "process_success":"250", "total":"250"}}
{"logTime": "0618/192607", "correlationVector":"SyBDIvkkMLjo55RHLft76F.3","action":"GetUpdates Response", "result":"Success", "context":Received 250 update(s). cV=SyBDIvkkMLjo55RHLft76F.0;server=akswtt11500002k;cloudType=Consumer;environment=Prod_francecentral_prod-s01-062-eur-francecentral;migrationStage=NotStarted Some updates remain.}
{"logTime": "0618/192607", "correlationVector":"HWO1AOY64N2o+I1IQWUbtR","action":"Initial GetUpdates", "result":"", "context":Reason: NEWLY_SUPPORTED_DATATYPE. cV=HWO1AOY64N2o+I1IQWUbtR}
{"logTime": "0618/192608", "correlationVector":"HWO1AOY64N2o+I1IQWUbtR.1","action":"SyncServerConnectionManagerRequest", "result":"SYNC_SERVER_OK", "context":{"environment":"Prod_francecentral_prod-s01-062-eur-francecentral", "migrationStage":"NotStarted", "server":"akswtt11500002t"}}
{"logTime": "0618/192608", "correlationVector":"HWO1AOY64N2o+I1IQWUbtR.2","action":"ProcessGetUpdates", "result":"Done", "context":{"dataType":"History", "deleted":"0", "process_failed_to_decrypt":"0", "process_pending_decryption":"0", "process_success":"250", "total":"250"}}
{"logTime": "0618/192608", "correlationVector":"HWO1AOY64N2o+I1IQWUbtR.3","action":"GetUpdates Response", "result":"Success", "context":Received 250 update(s). cV=HWO1AOY64N2o+I1IQWUbtR.0;server=akswtt11500002t;cloudType=Consumer;environment=Prod_francecentral_prod-s01-062-eur-francecentral;migrationStage=NotStarted Some updates remain.}
{"logTime": "0618/192608", "correlationVector":"a36jwPWaIIfWaPaZckmLpJ","action":"Initial GetUpdates", "result":"", "context":Reason: NEWLY_SUPPORTED_DATATYPE. cV=a36jwPWaIIfWaPaZckmLpJ}
{"logTime": "0618/192608", "correlationVector":"a36jwPWaIIfWaPaZckmLpJ.1","action":"SyncServerConnectionManagerRequest", "result":"SYNC_SERVER_OK", "context":{"environment":"Prod_francecentral_prod-s01-062-eur-francecentral", "migrationStage":"NotStarted", "server":"akswtt11500002j"}}
{"logTime": "0618/192608", "correlationVector":"a36jwPWaIIfWaPaZckmLpJ.2","action":"ProcessGetUpdates", "result":"Done", "context":{"dataType":"History", "deleted":"0", "process_failed_to_decrypt":"0", "process_pending_decryption":"0", "process_success":"119", "total":"119"}}
{"logTime": "0618/192608", "correlationVector":"a36jwPWaIIfWaPaZckmLpJ.3","action":"GetUpdates Response", "result":"Success", "context":Received 119 update(s). cV=a36jwPWaIIfWaPaZckmLpJ.0;server=akswtt11500002j;cloudType=Consumer;environment=Prod_francecentral_prod-s01-062-eur-francecentral;migrationStage=NotStarted}
{"logTime": "0618/192608", "correlationVector":"yoPVy1L5ExfdLZN/XRzAJs","action":"Normal GetUpdate request", "result":"", "context":cV=yoPVy1L5ExfdLZN/XRzAJs
Nudged types: Sessions, Device Info, User Consents
Refresh requested types: Bookmarks, Preferences, Passwords, Autofill Profiles, Autofill, Extensions, Sessions, Extension settings, History Delete Directives, Device Info, User Consents, Send Tab To Self, Web Apps, History, Saved Tab Group, WebAuthn Credentials, Edge E Drop, Edge Hub App Usage, Edge Wallet, Edge Workspace, Encryption Keys}
{"logTime": "0618/192608", "correlationVector":"yoPVy1L5ExfdLZN/XRzAJs.1","action":"SyncServerConnectionManagerRequest", "result":"SYNC_SERVER_OK", "context":{"environment":"Prod_francecentral_prod-s01-062-eur-francecentral", "migrationStage":"NotStarted", "server":"akswtt115000037"}}
{"logTime": "0618/192608", "correlationVector":"yoPVy1L5ExfdLZN/XRzAJs.2","action":"GetUpdates Response", "result":"Success", "context":Received 0 update(s). cV=yoPVy1L5ExfdLZN/XRzAJs.0;server=akswtt115000037;cloudType=Consumer;environment=Prod_francecentral_prod-s01-062-eur-francecentral;migrationStage=NotStarted}
{"logTime": "0618/192608", "correlationVector":"j2FDYIKYHkxvNtBo/uwabc","action":"DoCompareDataConsistency requsted types: ", "result":"Bookmarks, Preferences, Passwords, Extensions, Extension settings, History Delete Directives, Send Tab To Self, Web Apps, History, Saved Tab Group, WebAuthn Credentials, Edge E Drop, Edge Wallet, Edge Workspace, Encryption Keys"}
{"logTime": "0618/192608", "correlationVector":"j2FDYIKYHkxvNtBo/uwabc.0","action":"CompareDataConsistency result: ", "result":"Compare result: Encryption Keys is consistent. local entities count is: 1 local entities hash is: bMBBTS2Z0WqK11kk6MhMMyuQFvA="}
{"logTime": "0618/192608", "correlationVector":"j2FDYIKYHkxvNtBo/uwabc.1","action":"CompareDataConsistency result: ", "result":"Compare result: Bookmarks is consistent. local entities count is: 0 local entities hash is: "}
{"logTime": "0618/192608", "correlationVector":"j2FDYIKYHkxvNtBo/uwabc.2","action":"CompareDataConsistency result: ", "result":"Compare result: Preferences is consistent. local entities count is: 48 local entities hash is: 69SMoiEwa8A+DAGCBzZjoURoo1Q="}
{"logTime": "0618/192608", "correlationVector":"j2FDYIKYHkxvNtBo/uwabc.3","action":"CompareDataConsistency result: ", "result":"Compare result: Extensions is consistent. local entities count is: 0 local entities hash is: "}
{"logTime": "0618/192608", "correlationVector":"j2FDYIKYHkxvNtBo/uwabc.4","action":"CompareDataConsistency result: ", "result":"Compare result: Extension settings is consistent. local entities count is: 0 local entities hash is: "}
{"logTime": "0618/192608", "correlationVector":"j2FDYIKYHkxvNtBo/uwabc.5","action":"CompareDataConsistency result: ", "result":"Compare result: History Delete Directives is consistent. local entities count is: 0 local entities hash is: "}
{"logTime": "0618/192608", "correlationVector":"j2FDYIKYHkxvNtBo/uwabc.6","action":"CompareDataConsistency result: ", "result":"Server did not send this Send Tab To Self local entities count is: 0 local entities hash is: "}
{"logTime": "0618/192608", "correlationVector":"j2FDYIKYHkxvNtBo/uwabc.7","action":"CompareDataConsistency result: ", "result":"Compare result: Web Apps is consistent. local entities count is: 0 local entities hash is: "}
{"logTime": "0618/192608", "correlationVector":"j2FDYIKYHkxvNtBo/uwabc.8","action":"CompareDataConsistency result: ", "result":"Server did not send this History local entities count is: 0 local entities hash is: "}
{"logTime": "0618/192608", "correlationVector":"j2FDYIKYHkxvNtBo/uwabc.9","action":"CompareDataConsistency result: ", "result":"Compare result: Saved Tab Group is consistent. local entities count is: 0 local entities hash is: "}
{"logTime": "0618/192608", "correlationVector":"j2FDYIKYHkxvNtBo/uwabc.10","action":"CompareDataConsistency result: ", "result":"Server did not send this WebAuthn Credentials local entities count is: 1 local entities hash is: FHNIp1OxFz6FCqK2YveTcJ2+JII="}
{"logTime": "0618/192608", "correlationVector":"j2FDYIKYHkxvNtBo/uwabc.11","action":"CompareDataConsistency result: ", "result":"Compare result: Edge E Drop is consistent. local entities count is: 0 local entities hash is: "}
{"logTime": "0618/192608", "correlationVector":"j2FDYIKYHkxvNtBo/uwabc.12","action":"CompareDataConsistency result: ", "result":"Compare result: Edge Wallet is consistent. local entities count is: 0 local entities hash is: "}
{"logTime": "0618/192608", "correlationVector":"j2FDYIKYHkxvNtBo/uwabc.13","action":"CompareDataConsistency result: ", "result":"Server did not send this Edge Workspace local entities count is: 0 local entities hash is: "}
{"logTime": "0618/192608", "correlationVector":"j2FDYIKYHkxvNtBo/uwabc.14","action":"CompareDataConsistency result: ", "result":"Compare result: Passwords is consistent. local entities count is: 30 local entities hash is: 8nEHN/9DtE460D06dBz4h9QTdps="}
{"logTime": "0618/192608", "correlationVector":"fOoMSFH7SIpAAd+CxZJ12z","action":"Commit Request", "result":"", "context":Item count: 4
Contributing types: Sessions, Device Info, User Consents}
{"logTime": "0618/192608", "correlationVector":"fOoMSFH7SIpAAd+CxZJ12z.1","action":"SyncServerConnectionManagerRequest", "result":"SYNC_SERVER_OK", "context":{"environment":"Prod_francecentral_prod-s01-062-eur-francecentral", "migrationStage":"NotStarted", "server":"akswtt11500002b"}}
{"logTime": "0618/192608", "correlationVector":"fOoMSFH7SIpAAd+CxZJ12z.2","action":"Commit Response", "result":"Success", "context":Result: Success. cV=fOoMSFH7SIpAAd+CxZJ12z.0;server=akswtt11500002b;cloudType=Consumer;environment=Prod_francecentral_prod-s01-062-eur-francecentral;migrationStage=NotStarted}
{"logTime": "0618/192608", "correlationVector":"","action":"DIAGNOSTIC_REQUEST|v1/diagnosticData/Diagnostic.SendCheckResult()|SUCCESS", "result":""}
{"logTime": "0618/192702", "correlationVector":"xJ9hGO3CthxdRMnM1upNiE","action":"Commit Request", "result":"", "context":Item count: 23
Contributing types: Passwords, Sessions, History}
{"logTime": "0618/192703", "correlationVector":"xJ9hGO3CthxdRMnM1upNiE.1","action":"SyncServerConnectionManagerRequest", "result":"SYNC_SERVER_OK", "context":{"environment":"Prod_francecentral_prod-s01-062-eur-francecentral", "migrationStage":"NotStarted", "server":"akswtt11500001r"}}
{"logTime": "0618/192703", "correlationVector":"xJ9hGO3CthxdRMnM1upNiE.2","action":"Commit Response", "result":"Success", "context":Result: Success. cV=xJ9hGO3CthxdRMnM1upNiE.0;server=akswtt11500001r;cloudType=Consumer;environment=Prod_francecentral_prod-s01-062-eur-francecentral;migrationStage=NotStarted}
