2026-06-18 19:26:02.377: [INFO] VisibilityChanged: 0
2026-06-18 19:26:02.389: [INFO] RecordSyncInitDuration has_sync_been_enabled: 0 state: 0
2026-06-18 19:26:02.390: [INFO] RecordSyncInitDuration has_sync_been_enabled: 0 state: 0
2026-06-18 19:26:02.391: [INFO] RecordSyncInitDuration has_sync_been_enabled: 0 state: 0
2026-06-18 19:26:02.391: [INFO] RecordSyncInitDuration has_sync_been_enabled: 0 state: 0
2026-06-18 19:26:02.392: [INFO] RecordSyncInitDuration has_sync_been_enabled: 0 state: 0
2026-06-18 19:26:02.393: [INFO] RecordSyncInitDuration has_sync_been_enabled: 0 state: 0
2026-06-18 19:26:02.394: [INFO] RecordSyncInitDuration has_sync_been_enabled: 0 state: 0
2026-06-18 19:26:02.394: [INFO] RecordSyncInitDuration has_sync_been_enabled: 0 state: 0
2026-06-18 19:26:02.395: [INFO] RecordSyncInitDuration has_sync_been_enabled: 0 state: 0
2026-06-18 19:26:02.396: [INFO] RecordSyncInitDuration has_sync_been_enabled: 0 state: 0
2026-06-18 19:26:02.396: [INFO] RecordSyncInitDuration has_sync_been_enabled: 0 state: 0
2026-06-18 19:26:02.401: [INFO] BookmarkModelLoaded, ids_reassigned: 0
2026-06-18 19:26:02.401: [INFO] OnDoneLoading sync enabled: 0
2026-06-18 19:26:02.434: [INFO] RecordSyncInitDuration has_sync_been_enabled: 0 state: 0
2026-06-18 19:26:03.046: [INFO] RecordSyncInitDuration has_sync_been_enabled: 0 state: 0
2026-06-18 19:26:03.048: [INFO] RecordSyncInitDuration has_sync_been_enabled: 0 state: 3
2026-06-18 19:26:03.049: [INFO] Primary account changed.
2026-06-18 19:26:03.049: [INFO] OnPrimaryAccountChanged PrimaryAccountChangeEvent::Type::kSet
2026-06-18 19:26:03.051: [INFO] RecordSyncInitDuration has_sync_been_enabled: 0 state: 3
2026-06-18 19:26:03.062: [INFO] RecordSyncInitDuration has_sync_been_enabled: 0 state: 3
2026-06-18 19:26:05.912: [INFO] Sync initialization duration: 2819ms
